The target system is: Android - 1 - x86_64
The host system is: Darwin - 25.5.0 - arm64
Compiling the CXX compiler identification source file "CMakeCXXCompilerId.cpp" succeeded.
Compiler: /Users/mobile/Library/Android/sdk/ndk/27.0.12077973/toolchains/llvm/prebuilt/darwin-x86_64/bin/clang++ 
Build flags: -g;-DANDROID;-fdata-sections;-ffunction-sections;-funwind-tables;-fstack-protector-strong;-no-canonical-prefixes;-D_FORTIFY_SOURCE=2;-Wformat;-Werror=format-security;;
Id flags: -c;--target=x86_64-none-linux-android24 

The output was:
0


Compilation of the CXX compiler identification source "CMakeCXXCompilerId.cpp" produced "CMakeCXXCompilerId.o"

The CXX compiler identification is Clang, found in "/Users/mobile/Desktop/Dev/sipllm/bindings/flutter/sipllm_flutter/android/.cxx/Debug/1q303dv3/x86_64/CMakeFiles/3.22.1-g37088a8/CompilerIdCXX/CMakeCXXCompilerId.o"

Detecting CXX compiler ABI info compiled with the following output:
Change Dir: /Users/mobile/Desktop/Dev/sipllm/bindings/flutter/sipllm_flutter/android/.cxx/Debug/1q303dv3/x86_64/CMakeFiles/CMakeTmp

Run Build Command(s):/Users/mobile/Library/Android/sdk/cmake/3.22.1/bin/ninja cmTC_eaa30 && [1/2] Building CXX object CMakeFiles/cmTC_eaa30.dir/CMakeCXXCompilerABI.cpp.o
Android (12027248, +pgo, -bolt, +lto, -mlgo, based on r522817) clang version 18.0.1 (https://android.googlesource.com/toolchain/llvm-project d8003a456d14a3deb8054cdaa529ffbf02d9b262)
Target: x86_64-none-linux-android24
Thread model: posix
InstalledDir: /Users/mobile/Library/Android/sdk/ndk/27.0.12077973/toolchains/llvm/prebuilt/darwin-x86_64/bin
 (in-process)
 "/Users/mobile/Library/Android/sdk/ndk/27.0.12077973/toolchains/llvm/prebuilt/darwin-x86_64/bin/clang++" -cc1 -triple x86_64-none-linux-android24 -emit-obj -mrelax-all -disable-free -clear-ast-before-backend -disable-llvm-verifier -discard-value-names -main-file-name CMakeCXXCompilerABI.cpp -mrelocation-model pic -pic-level 2 -pic-is-pie -mframe-pointer=all -ffp-contract=on -fno-rounding-math -mconstructor-aliases -funwind-tables=2 -target-cpu x86-64 -target-feature +sse4.2 -target-feature +popcnt -target-feature +cx16 -tune-cpu generic -debug-info-kind=constructor -dwarf-version=4 -debugger-tuning=gdb -fdebug-compilation-dir=/Users/mobile/Desktop/Dev/sipllm/bindings/flutter/sipllm_flutter/android/.cxx/Debug/1q303dv3/x86_64/CMakeFiles/CMakeTmp -v -ffunction-sections -fdata-sections -fcoverage-compilation-dir=/Users/mobile/Desktop/Dev/sipllm/bindings/flutter/sipllm_flutter/android/.cxx/Debug/1q303dv3/x86_64/CMakeFiles/CMakeTmp -resource-dir /Users/mobile/Library/Android/sdk/ndk/27.0.12077973/toolchains/llvm/prebuilt/darwin-x86_64/lib/clang/18 -dependency-file CMakeFiles/cmTC_eaa30.dir/CMakeCXXCompilerABI.cpp.o.d -MT CMakeFiles/cmTC_eaa30.dir/CMakeCXXCompilerABI.cpp.o -sys-header-deps -D ANDROID -D _FORTIFY_SOURCE=2 -isysroot /Users/mobile/Library/Android/sdk/ndk/27.0.12077973/toolchains/llvm/prebuilt/darwin-x86_64/sysroot -internal-isystem /Users/mobile/Library/Android/sdk/ndk/27.0.12077973/toolchains/llvm/prebuilt/darwin-x86_64/sysroot/usr/include/c++/v1 -internal-isystem /Users/mobile/Library/Android/sdk/ndk/27.0.12077973/toolchains/llvm/prebuilt/darwin-x86_64/lib/clang/18/include -internal-isystem /Users/mobile/Library/Android/sdk/ndk/27.0.12077973/toolchains/llvm/prebuilt/darwin-x86_64/sysroot/usr/local/include -internal-externc-isystem /Users/mobile/Library/Android/sdk/ndk/27.0.12077973/toolchains/llvm/prebuilt/darwin-x86_64/sysroot/usr/include/x86_64-linux-android -internal-externc-isystem /Users/mobile/Library/Android/sdk/ndk/27.0.12077973/toolchains/llvm/prebuilt/darwin-x86_64/sysroot/include -internal-externc-isystem /Users/mobile/Library/Android/sdk/ndk/27.0.12077973/toolchains/llvm/prebuilt/darwin-x86_64/sysroot/usr/include -Wformat -fdeprecated-macro -ferror-limit 19 -femulated-tls -stack-protector 2 -fgnuc-version=4.2.1 -fcxx-exceptions -fexceptions -D__GCC_HAVE_DWARF2_CFI_ASM=1 -o CMakeFiles/cmTC_eaa30.dir/CMakeCXXCompilerABI.cpp.o -x c++ /Users/mobile/Library/Android/sdk/cmake/3.22.1/share/cmake-3.22/Modules/CMakeCXXCompilerABI.cpp
clang -cc1 version 18.0.1 based upon LLVM 18.0.1 default target x86_64-apple-darwin25.5.0
ignoring nonexistent directory "/Users/mobile/Library/Android/sdk/ndk/27.0.12077973/toolchains/llvm/prebuilt/darwin-x86_64/sysroot/usr/local/include"
ignoring nonexistent directory "/Users/mobile/Library/Android/sdk/ndk/27.0.12077973/toolchains/llvm/prebuilt/darwin-x86_64/sysroot/include"
#include "..." search starts here:
#include <...> search starts here:
 /Users/mobile/Library/Android/sdk/ndk/27.0.12077973/toolchains/llvm/prebuilt/darwin-x86_64/sysroot/usr/include/c++/v1
 /Users/mobile/Library/Android/sdk/ndk/27.0.12077973/toolchains/llvm/prebuilt/darwin-x86_64/lib/clang/18/include
 /Users/mobile/Library/Android/sdk/ndk/27.0.12077973/toolchains/llvm/prebuilt/darwin-x86_64/sysroot/usr/include/x86_64-linux-android
 /Users/mobile/Library/Android/sdk/ndk/27.0.12077973/toolchains/llvm/prebuilt/darwin-x86_64/sysroot/usr/include
End of search list.
[2/2] Linking CXX executable cmTC_eaa30
Android (12027248, +pgo, -bolt, +lto, -mlgo, based on r522817) clang version 18.0.1 (https://android.googlesource.com/toolchain/llvm-project d8003a456d14a3deb8054cdaa529ffbf02d9b262)
Target: x86_64-none-linux-android24
Thread model: posix
InstalledDir: /Users/mobile/Library/Android/sdk/ndk/27.0.12077973/toolchains/llvm/prebuilt/darwin-x86_64/bin
 "/Users/mobile/Library/Android/sdk/ndk/27.0.12077973/toolchains/llvm/prebuilt/darwin-x86_64/bin/ld.lld" --sysroot=/Users/mobile/Library/Android/sdk/ndk/27.0.12077973/toolchains/llvm/prebuilt/darwin-x86_64/sysroot -z now -z relro --hash-style=gnu --eh-frame-hdr -m elf_x86_64 -pie -dynamic-linker /system/bin/linker64 -o cmTC_eaa30 /Users/mobile/Library/Android/sdk/ndk/27.0.12077973/toolchains/llvm/prebuilt/darwin-x86_64/sysroot/usr/lib/x86_64-linux-android/24/crtbegin_dynamic.o -L/Users/mobile/Library/Android/sdk/ndk/27.0.12077973/toolchains/llvm/prebuilt/darwin-x86_64/lib/clang/18/lib/linux/x86_64 -L/Users/mobile/Library/Android/sdk/ndk/27.0.12077973/toolchains/llvm/prebuilt/darwin-x86_64/sysroot/usr/lib/x86_64-linux-android/24 -L/Users/mobile/Library/Android/sdk/ndk/27.0.12077973/toolchains/llvm/prebuilt/darwin-x86_64/sysroot/usr/lib/x86_64-linux-android -L/Users/mobile/Library/Android/sdk/ndk/27.0.12077973/toolchains/llvm/prebuilt/darwin-x86_64/sysroot/usr/lib --build-id=sha1 --no-rosegment --no-undefined-version --fatal-warnings --no-undefined CMakeFiles/cmTC_eaa30.dir/CMakeCXXCompilerABI.cpp.o -lc++ -lm /Users/mobile/Library/Android/sdk/ndk/27.0.12077973/toolchains/llvm/prebuilt/darwin-x86_64/lib/clang/18/lib/linux/libclang_rt.builtins-x86_64-android.a -l:libunwind.a -ldl -lc /Users/mobile/Library/Android/sdk/ndk/27.0.12077973/toolchains/llvm/prebuilt/darwin-x86_64/lib/clang/18/lib/linux/libclang_rt.builtins-x86_64-android.a -l:libunwind.a -ldl /Users/mobile/Library/Android/sdk/ndk/27.0.12077973/toolchains/llvm/prebuilt/darwin-x86_64/sysroot/usr/lib/x86_64-linux-android/24/crtend_android.o



Parsed CXX implicit include dir info from above output: rv=done
  found start of include info
  found start of implicit include info
    add: [/Users/mobile/Library/Android/sdk/ndk/27.0.12077973/toolchains/llvm/prebuilt/darwin-x86_64/sysroot/usr/include/c++/v1]
    add: [/Users/mobile/Library/Android/sdk/ndk/27.0.12077973/toolchains/llvm/prebuilt/darwin-x86_64/lib/clang/18/include]
    add: [/Users/mobile/Library/Android/sdk/ndk/27.0.12077973/toolchains/llvm/prebuilt/darwin-x86_64/sysroot/usr/include/x86_64-linux-android]
    add: [/Users/mobile/Library/Android/sdk/ndk/27.0.12077973/toolchains/llvm/prebuilt/darwin-x86_64/sysroot/usr/include]
  end of search list found
  collapse include dir [/Users/mobile/Library/Android/sdk/ndk/27.0.12077973/toolchains/llvm/prebuilt/darwin-x86_64/sysroot/usr/include/c++/v1] ==> [/Users/mobile/Library/Android/sdk/ndk/27.0.12077973/toolchains/llvm/prebuilt/darwin-x86_64/sysroot/usr/include/c++/v1]
  collapse include dir [/Users/mobile/Library/Android/sdk/ndk/27.0.12077973/toolchains/llvm/prebuilt/darwin-x86_64/lib/clang/18/include] ==> [/Users/mobile/Library/Android/sdk/ndk/27.0.12077973/toolchains/llvm/prebuilt/darwin-x86_64/lib/clang/18/include]
  collapse include dir [/Users/mobile/Library/Android/sdk/ndk/27.0.12077973/toolchains/llvm/prebuilt/darwin-x86_64/sysroot/usr/include/x86_64-linux-android] ==> [/Users/mobile/Library/Android/sdk/ndk/27.0.12077973/toolchains/llvm/prebuilt/darwin-x86_64/sysroot/usr/include/x86_64-linux-android]
  collapse include dir [/Users/mobile/Library/Android/sdk/ndk/27.0.12077973/toolchains/llvm/prebuilt/darwin-x86_64/sysroot/usr/include] ==> [/Users/mobile/Library/Android/sdk/ndk/27.0.12077973/toolchains/llvm/prebuilt/darwin-x86_64/sysroot/usr/include]
  implicit include dirs: [/Users/mobile/Library/Android/sdk/ndk/27.0.12077973/toolchains/llvm/prebuilt/darwin-x86_64/sysroot/usr/include/c++/v1;/Users/mobile/Library/Android/sdk/ndk/27.0.12077973/toolchains/llvm/prebuilt/darwin-x86_64/lib/clang/18/include;/Users/mobile/Library/Android/sdk/ndk/27.0.12077973/toolchains/llvm/prebuilt/darwin-x86_64/sysroot/usr/include/x86_64-linux-android;/Users/mobile/Library/Android/sdk/ndk/27.0.12077973/toolchains/llvm/prebuilt/darwin-x86_64/sysroot/usr/include]


Parsed CXX implicit link information from above output:
  link line regex: [^( *|.*[/\])(ld\.lld|CMAKE_LINK_STARTFILE-NOTFOUND|([^/\]+-)?ld|collect2)[^/\]*( |$)]
  ignore line: [Change Dir: /Users/mobile/Desktop/Dev/sipllm/bindings/flutter/sipllm_flutter/android/.cxx/Debug/1q303dv3/x86_64/CMakeFiles/CMakeTmp]
  ignore line: []
  ignore line: [Run Build Command(s):/Users/mobile/Library/Android/sdk/cmake/3.22.1/bin/ninja cmTC_eaa30 && [1/2] Building CXX object CMakeFiles/cmTC_eaa30.dir/CMakeCXXCompilerABI.cpp.o]
  ignore line: [Android (12027248  +pgo  -bolt  +lto  -mlgo  based on r522817) clang version 18.0.1 (https://android.googlesource.com/toolchain/llvm-project d8003a456d14a3deb8054cdaa529ffbf02d9b262)]
  ignore line: [Target: x86_64-none-linux-android24]
  ignore line: [Thread model: posix]
  ignore line: [InstalledDir: /Users/mobile/Library/Android/sdk/ndk/27.0.12077973/toolchains/llvm/prebuilt/darwin-x86_64/bin]
  ignore line: [ (in-process)]
  ignore line: [ "/Users/mobile/Library/Android/sdk/ndk/27.0.12077973/toolchains/llvm/prebuilt/darwin-x86_64/bin/clang++" -cc1 -triple x86_64-none-linux-android24 -emit-obj -mrelax-all -disable-free -clear-ast-before-backend -disable-llvm-verifier -discard-value-names -main-file-name CMakeCXXCompilerABI.cpp -mrelocation-model pic -pic-level 2 -pic-is-pie -mframe-pointer=all -ffp-contract=on -fno-rounding-math -mconstructor-aliases -funwind-tables=2 -target-cpu x86-64 -target-feature +sse4.2 -target-feature +popcnt -target-feature +cx16 -tune-cpu generic -debug-info-kind=constructor -dwarf-version=4 -debugger-tuning=gdb -fdebug-compilation-dir=/Users/mobile/Desktop/Dev/sipllm/bindings/flutter/sipllm_flutter/android/.cxx/Debug/1q303dv3/x86_64/CMakeFiles/CMakeTmp -v -ffunction-sections -fdata-sections -fcoverage-compilation-dir=/Users/mobile/Desktop/Dev/sipllm/bindings/flutter/sipllm_flutter/android/.cxx/Debug/1q303dv3/x86_64/CMakeFiles/CMakeTmp -resource-dir /Users/mobile/Library/Android/sdk/ndk/27.0.12077973/toolchains/llvm/prebuilt/darwin-x86_64/lib/clang/18 -dependency-file CMakeFiles/cmTC_eaa30.dir/CMakeCXXCompilerABI.cpp.o.d -MT CMakeFiles/cmTC_eaa30.dir/CMakeCXXCompilerABI.cpp.o -sys-header-deps -D ANDROID -D _FORTIFY_SOURCE=2 -isysroot /Users/mobile/Library/Android/sdk/ndk/27.0.12077973/toolchains/llvm/prebuilt/darwin-x86_64/sysroot -internal-isystem /Users/mobile/Library/Android/sdk/ndk/27.0.12077973/toolchains/llvm/prebuilt/darwin-x86_64/sysroot/usr/include/c++/v1 -internal-isystem /Users/mobile/Library/Android/sdk/ndk/27.0.12077973/toolchains/llvm/prebuilt/darwin-x86_64/lib/clang/18/include -internal-isystem /Users/mobile/Library/Android/sdk/ndk/27.0.12077973/toolchains/llvm/prebuilt/darwin-x86_64/sysroot/usr/local/include -internal-externc-isystem /Users/mobile/Library/Android/sdk/ndk/27.0.12077973/toolchains/llvm/prebuilt/darwin-x86_64/sysroot/usr/include/x86_64-linux-android -internal-externc-isystem /Users/mobile/Library/Android/sdk/ndk/27.0.12077973/toolchains/llvm/prebuilt/darwin-x86_64/sysroot/include -internal-externc-isystem /Users/mobile/Library/Android/sdk/ndk/27.0.12077973/toolchains/llvm/prebuilt/darwin-x86_64/sysroot/usr/include -Wformat -fdeprecated-macro -ferror-limit 19 -femulated-tls -stack-protector 2 -fgnuc-version=4.2.1 -fcxx-exceptions -fexceptions -D__GCC_HAVE_DWARF2_CFI_ASM=1 -o CMakeFiles/cmTC_eaa30.dir/CMakeCXXCompilerABI.cpp.o -x c++ /Users/mobile/Library/Android/sdk/cmake/3.22.1/share/cmake-3.22/Modules/CMakeCXXCompilerABI.cpp]
  ignore line: [clang -cc1 version 18.0.1 based upon LLVM 18.0.1 default target x86_64-apple-darwin25.5.0]
  ignore line: [ignoring nonexistent directory "/Users/mobile/Library/Android/sdk/ndk/27.0.12077973/toolchains/llvm/prebuilt/darwin-x86_64/sysroot/usr/local/include"]
  ignore line: [ignoring nonexistent directory "/Users/mobile/Library/Android/sdk/ndk/27.0.12077973/toolchains/llvm/prebuilt/darwin-x86_64/sysroot/include"]
  ignore line: [#include "..." search starts here:]
  ignore line: [#include <...> search starts here:]
  ignore line: [ /Users/mobile/Library/Android/sdk/ndk/27.0.12077973/toolchains/llvm/prebuilt/darwin-x86_64/sysroot/usr/include/c++/v1]
  ignore line: [ /Users/mobile/Library/Android/sdk/ndk/27.0.12077973/toolchains/llvm/prebuilt/darwin-x86_64/lib/clang/18/include]
  ignore line: [ /Users/mobile/Library/Android/sdk/ndk/27.0.12077973/toolchains/llvm/prebuilt/darwin-x86_64/sysroot/usr/include/x86_64-linux-android]
  ignore line: [ /Users/mobile/Library/Android/sdk/ndk/27.0.12077973/toolchains/llvm/prebuilt/darwin-x86_64/sysroot/usr/include]
  ignore line: [End of search list.]
  ignore line: [[2/2] Linking CXX executable cmTC_eaa30]
  ignore line: [Android (12027248  +pgo  -bolt  +lto  -mlgo  based on r522817) clang version 18.0.1 (https://android.googlesource.com/toolchain/llvm-project d8003a456d14a3deb8054cdaa529ffbf02d9b262)]
  ignore line: [Target: x86_64-none-linux-android24]
  ignore line: [Thread model: posix]
  ignore line: [InstalledDir: /Users/mobile/Library/Android/sdk/ndk/27.0.12077973/toolchains/llvm/prebuilt/darwin-x86_64/bin]
  link line: [ "/Users/mobile/Library/Android/sdk/ndk/27.0.12077973/toolchains/llvm/prebuilt/darwin-x86_64/bin/ld.lld" --sysroot=/Users/mobile/Library/Android/sdk/ndk/27.0.12077973/toolchains/llvm/prebuilt/darwin-x86_64/sysroot -z now -z relro --hash-style=gnu --eh-frame-hdr -m elf_x86_64 -pie -dynamic-linker /system/bin/linker64 -o cmTC_eaa30 /Users/mobile/Library/Android/sdk/ndk/27.0.12077973/toolchains/llvm/prebuilt/darwin-x86_64/sysroot/usr/lib/x86_64-linux-android/24/crtbegin_dynamic.o -L/Users/mobile/Library/Android/sdk/ndk/27.0.12077973/toolchains/llvm/prebuilt/darwin-x86_64/lib/clang/18/lib/linux/x86_64 -L/Users/mobile/Library/Android/sdk/ndk/27.0.12077973/toolchains/llvm/prebuilt/darwin-x86_64/sysroot/usr/lib/x86_64-linux-android/24 -L/Users/mobile/Library/Android/sdk/ndk/27.0.12077973/toolchains/llvm/prebuilt/darwin-x86_64/sysroot/usr/lib/x86_64-linux-android -L/Users/mobile/Library/Android/sdk/ndk/27.0.12077973/toolchains/llvm/prebuilt/darwin-x86_64/sysroot/usr/lib --build-id=sha1 --no-rosegment --no-undefined-version --fatal-warnings --no-undefined CMakeFiles/cmTC_eaa30.dir/CMakeCXXCompilerABI.cpp.o -lc++ -lm /Users/mobile/Library/Android/sdk/ndk/27.0.12077973/toolchains/llvm/prebuilt/darwin-x86_64/lib/clang/18/lib/linux/libclang_rt.builtins-x86_64-android.a -l:libunwind.a -ldl -lc /Users/mobile/Library/Android/sdk/ndk/27.0.12077973/toolchains/llvm/prebuilt/darwin-x86_64/lib/clang/18/lib/linux/libclang_rt.builtins-x86_64-android.a -l:libunwind.a -ldl /Users/mobile/Library/Android/sdk/ndk/27.0.12077973/toolchains/llvm/prebuilt/darwin-x86_64/sysroot/usr/lib/x86_64-linux-android/24/crtend_android.o]
    arg [/Users/mobile/Library/Android/sdk/ndk/27.0.12077973/toolchains/llvm/prebuilt/darwin-x86_64/bin/ld.lld] ==> ignore
    arg [--sysroot=/Users/mobile/Library/Android/sdk/ndk/27.0.12077973/toolchains/llvm/prebuilt/darwin-x86_64/sysroot] ==> ignore
    arg [-znow] ==> ignore
    arg [-zrelro] ==> ignore
    arg [--hash-style=gnu] ==> ignore
    arg [--eh-frame-hdr] ==> ignore
    arg [-m] ==> ignore
    arg [elf_x86_64] ==> ignore
    arg [-pie] ==> ignore
    arg [-dynamic-linker] ==> ignore
    arg [/system/bin/linker64] ==> ignore
    arg [-o] ==> ignore
    arg [cmTC_eaa30] ==> ignore
    arg [/Users/mobile/Library/Android/sdk/ndk/27.0.12077973/toolchains/llvm/prebuilt/darwin-x86_64/sysroot/usr/lib/x86_64-linux-android/24/crtbegin_dynamic.o] ==> obj [/Users/mobile/Library/Android/sdk/ndk/27.0.12077973/toolchains/llvm/prebuilt/darwin-x86_64/sysroot/usr/lib/x86_64-linux-android/24/crtbegin_dynamic.o]
    arg [-L/Users/mobile/Library/Android/sdk/ndk/27.0.12077973/toolchains/llvm/prebuilt/darwin-x86_64/lib/clang/18/lib/linux/x86_64] ==> dir [/Users/mobile/Library/Android/sdk/ndk/27.0.12077973/toolchains/llvm/prebuilt/darwin-x86_64/lib/clang/18/lib/linux/x86_64]
    arg [-L/Users/mobile/Library/Android/sdk/ndk/27.0.12077973/toolchains/llvm/prebuilt/darwin-x86_64/sysroot/usr/lib/x86_64-linux-android/24] ==> dir [/Users/mobile/Library/Android/sdk/ndk/27.0.12077973/toolchains/llvm/prebuilt/darwin-x86_64/sysroot/usr/lib/x86_64-linux-android/24]
    arg [-L/Users/mobile/Library/Android/sdk/ndk/27.0.12077973/toolchains/llvm/prebuilt/darwin-x86_64/sysroot/usr/lib/x86_64-linux-android] ==> dir [/Users/mobile/Library/Android/sdk/ndk/27.0.12077973/toolchains/llvm/prebuilt/darwin-x86_64/sysroot/usr/lib/x86_64-linux-android]
    arg [-L/Users/mobile/Library/Android/sdk/ndk/27.0.12077973/toolchains/llvm/prebuilt/darwin-x86_64/sysroot/usr/lib] ==> dir [/Users/mobile/Library/Android/sdk/ndk/27.0.12077973/toolchains/llvm/prebuilt/darwin-x86_64/sysroot/usr/lib]
    arg [--build-id=sha1] ==> ignore
    arg [--no-rosegment] ==> ignore
    arg [--no-undefined-version] ==> ignore
    arg [--fatal-warnings] ==> ignore
    arg [--no-undefined] ==> ignore
    arg [CMakeFiles/cmTC_eaa30.dir/CMakeCXXCompilerABI.cpp.o] ==> ignore
    arg [-lc++] ==> lib [c++]
    arg [-lm] ==> lib [m]
    arg [/Users/mobile/Library/Android/sdk/ndk/27.0.12077973/toolchains/llvm/prebuilt/darwin-x86_64/lib/clang/18/lib/linux/libclang_rt.builtins-x86_64-android.a] ==> lib [/Users/mobile/Library/Android/sdk/ndk/27.0.12077973/toolchains/llvm/prebuilt/darwin-x86_64/lib/clang/18/lib/linux/libclang_rt.builtins-x86_64-android.a]
    arg [-l:libunwind.a] ==> lib [-l:libunwind.a]
    arg [-ldl] ==> lib [dl]
    arg [-lc] ==> lib [c]
    arg [/Users/mobile/Library/Android/sdk/ndk/27.0.12077973/toolchains/llvm/prebuilt/darwin-x86_64/lib/clang/18/lib/linux/libclang_rt.builtins-x86_64-android.a] ==> lib [/Users/mobile/Library/Android/sdk/ndk/27.0.12077973/toolchains/llvm/prebuilt/darwin-x86_64/lib/clang/18/lib/linux/libclang_rt.builtins-x86_64-android.a]
    arg [-l:libunwind.a] ==> lib [-l:libunwind.a]
    arg [-ldl] ==> lib [dl]
    arg [/Users/mobile/Library/Android/sdk/ndk/27.0.12077973/toolchains/llvm/prebuilt/darwin-x86_64/sysroot/usr/lib/x86_64-linux-android/24/crtend_android.o] ==> obj [/Users/mobile/Library/Android/sdk/ndk/27.0.12077973/toolchains/llvm/prebuilt/darwin-x86_64/sysroot/usr/lib/x86_64-linux-android/24/crtend_android.o]
  remove lib [/Users/mobile/Library/Android/sdk/ndk/27.0.12077973/toolchains/llvm/prebuilt/darwin-x86_64/lib/clang/18/lib/linux/libclang_rt.builtins-x86_64-android.a]
  remove lib [/Users/mobile/Library/Android/sdk/ndk/27.0.12077973/toolchains/llvm/prebuilt/darwin-x86_64/lib/clang/18/lib/linux/libclang_rt.builtins-x86_64-android.a]
  collapse library dir [/Users/mobile/Library/Android/sdk/ndk/27.0.12077973/toolchains/llvm/prebuilt/darwin-x86_64/lib/clang/18/lib/linux/x86_64] ==> [/Users/mobile/Library/Android/sdk/ndk/27.0.12077973/toolchains/llvm/prebuilt/darwin-x86_64/lib/clang/18/lib/linux/x86_64]
  collapse library dir [/Users/mobile/Library/Android/sdk/ndk/27.0.12077973/toolchains/llvm/prebuilt/darwin-x86_64/sysroot/usr/lib/x86_64-linux-android/24] ==> [/Users/mobile/Library/Android/sdk/ndk/27.0.12077973/toolchains/llvm/prebuilt/darwin-x86_64/sysroot/usr/lib/x86_64-linux-android/24]
  collapse library dir [/Users/mobile/Library/Android/sdk/ndk/27.0.12077973/toolchains/llvm/prebuilt/darwin-x86_64/sysroot/usr/lib/x86_64-linux-android] ==> [/Users/mobile/Library/Android/sdk/ndk/27.0.12077973/toolchains/llvm/prebuilt/darwin-x86_64/sysroot/usr/lib/x86_64-linux-android]
  collapse library dir [/Users/mobile/Library/Android/sdk/ndk/27.0.12077973/toolchains/llvm/prebuilt/darwin-x86_64/sysroot/usr/lib] ==> [/Users/mobile/Library/Android/sdk/ndk/27.0.12077973/toolchains/llvm/prebuilt/darwin-x86_64/sysroot/usr/lib]
  implicit libs: [c++;m;-l:libunwind.a;dl;c;-l:libunwind.a;dl]
  implicit objs: [/Users/mobile/Library/Android/sdk/ndk/27.0.12077973/toolchains/llvm/prebuilt/darwin-x86_64/sysroot/usr/lib/x86_64-linux-android/24/crtbegin_dynamic.o;/Users/mobile/Library/Android/sdk/ndk/27.0.12077973/toolchains/llvm/prebuilt/darwin-x86_64/sysroot/usr/lib/x86_64-linux-android/24/crtend_android.o]
  implicit dirs: [/Users/mobile/Library/Android/sdk/ndk/27.0.12077973/toolchains/llvm/prebuilt/darwin-x86_64/lib/clang/18/lib/linux/x86_64;/Users/mobile/Library/Android/sdk/ndk/27.0.12077973/toolchains/llvm/prebuilt/darwin-x86_64/sysroot/usr/lib/x86_64-linux-android/24;/Users/mobile/Library/Android/sdk/ndk/27.0.12077973/toolchains/llvm/prebuilt/darwin-x86_64/sysroot/usr/lib/x86_64-linux-android;/Users/mobile/Library/Android/sdk/ndk/27.0.12077973/toolchains/llvm/prebuilt/darwin-x86_64/sysroot/usr/lib]
  implicit fwks: []


Determining if the include file pthread.h exists passed with the following output:
Change Dir: /Users/mobile/Desktop/Dev/sipllm/bindings/flutter/sipllm_flutter/android/.cxx/Debug/1q303dv3/x86_64/CMakeFiles/CMakeTmp

Run Build Command(s):/Users/mobile/Library/Android/sdk/cmake/3.22.1/bin/ninja cmTC_9a537 && [1/2] Building CXX object CMakeFiles/cmTC_9a537.dir/CheckIncludeFile.cxx.o
[2/2] Linking CXX executable cmTC_9a537



